▿ Optional<(Int, Int)>
  ▿ some: (2 elements)
    - .0: 1
    - .1: 2
