▿ Optional<(Int, Int, Int, Int, Int, Int, Int)>
  ▿ some: (7 elements)
    - .0: 1
    - .1: 2
    - .2: 3
    - .3: 4
    - .4: 5
    - .5: 6
    - .6: 7
